[daxx.lohatheme.com/index.html]
[backblue.gif]
[fade.gif]
[index.html]
[daxx.lohatheme.com/indexd784.html]
[daxx.lohatheme.com/wp-content/plugins/contact-form-7/includes/css/stylesfc7a.css]
[daxx.lohatheme.com/indexa6da.html]
[daxx.lohatheme.com/wp-content/themes/daxx/assets/vendor/magnific-popup/css/magnific-popup.min0899.css]
[daxx.lohatheme.com/wp-content/themes/daxx/assets/vendor/bootstrap/css/bootstrap.min0899.css]
[daxx.lohatheme.com/wp-content/themes/daxx/assets/vendor/nice-select/css/nice-select.min0899.css]
[daxx.lohatheme.com/wp-content/themes/daxx/assets/vendor/fontawesome-5.14.0.min0899.css]
[daxx.lohatheme.com/wp-content/themes/daxx/assets/vendor/animate.min0899.css]
[daxx.lohatheme.com/wp-content/themes/daxx/assets/vendor/slick/css/slick.min0899.css]
[daxx.lohatheme.com/wp-content/themes/daxx/assets/css/style0899.css]
[daxx.lohatheme.com/wp-content/themes/daxx/style7a18.css]
[daxx.lohatheme.com/wp-content/plugins/elementor/assets/lib/eicons/css/elementor-icons.min4e44.css]
[daxx.lohatheme.com/wp-content/plugins/elementor/assets/css/frontend.min89ce.css]
[daxx.lohatheme.com/wp-content/uploads/elementor/css/post-12f497.css]
[daxx.lohatheme.com/wp-content/uploads/elementor/google-fonts/css/roboto407d.css]
[daxx.lohatheme.com/wp-content/uploads/elementor/google-fonts/css/robotoslab0ae0.css]
[daxx.lohatheme.com/wp-includes/js/jquery/jquery-migrate.min5589.js]
[daxx.lohatheme.com/wp-content/plugins/daxx-elementor/assets/js/bdevs-elementor8a54.js]
[daxx.lohatheme.com/index52f0.json]
[daxx.lohatheme.com/wp-includes/js/jquery/jquery.minf43b.js]
[daxx.lohatheme.com/index54e8.json]
[daxx.lohatheme.com/xmlrpc0db0.php]
[daxx.lohatheme.com/index775f.json]
[daxx.lohatheme.com/indexe30a.php]
[daxx.lohatheme.com/wp-content/uploads/2024/06/favicon.png]
[daxx.lohatheme.com/wp-content/uploads/2024/02/logo-daxx.png]
[daxx.lohatheme.com/wp-content/uploads/2024/02/hero-bg.jpg]
[daxx.lohatheme.com/index9c2d.html]
[daxx.lohatheme.com/indexbaf3.html]
[daxx.lohatheme.com/wp-content/uploads/2024/02/logo-icon.png]
[daxx.lohatheme.com/index2c2b.html]
[daxx.lohatheme.com/indexfccd.html]
[daxx.lohatheme.com/wp-content/uploads/2024/02/about-left.jpg]
[daxx.lohatheme.com/indexd8bd.html]
[daxx.lohatheme.com/indexf2af.html]
[daxx.lohatheme.com/index0494.html]
[daxx.lohatheme.com/wp-content/uploads/2024/02/about-right.jpg]
[daxx.lohatheme.com/index0e62.html]
[daxx.lohatheme.com/wp-content/uploads/2024/02/blockquote-author.jpg]
[daxx.lohatheme.com/indexa584.html]
[daxx.lohatheme.com/wp-content/uploads/2024/02/video-bg.jpg]
[daxx.lohatheme.com/wp-content/uploads/2024/02/timeline1.jpg]
[daxx.lohatheme.com/wp-content/uploads/2024/02/timeline2.jpg]
[daxx.lohatheme.com/wp-content/uploads/2024/02/timeline3.jpg]
[daxx.lohatheme.com/wp-content/uploads/2024/02/timeline4.jpg]
[daxx.lohatheme.com/wp-content/uploads/2024/02/apartment.png]
[daxx.lohatheme.com/wp-content/uploads/2024/02/slide1.jpg]
[daxx.lohatheme.com/indexa4e1.html]
[daxx.lohatheme.com/wp-content/uploads/2024/02/features.jpg]
[daxx.lohatheme.com/wp-content/uploads/2024/02/developer1.jpg]
[daxx.lohatheme.com/indexc827.html]
[daxx.lohatheme.com/wp-content/uploads/2024/02/developer2.jpg]
[daxx.lohatheme.com/wp-content/uploads/2024/02/developer3.jpg]
[daxx.lohatheme.com/indexb329.html]
[daxx.lohatheme.com/wp-content/uploads/2024/02/client-logo1.png]
[daxx.lohatheme.com/indexfadc.html]
[daxx.lohatheme.com/wp-content/uploads/2024/02/client-logo2.png]
[daxx.lohatheme.com/wp-content/uploads/2024/02/client-logo3.png]
[daxx.lohatheme.com/wp-content/uploads/2024/02/client-logo4.png]
[daxx.lohatheme.com/wp-content/uploads/2024/02/footer-top-bg.jpg]
[daxx.lohatheme.com/wp-content/uploads/2024/02/logo-two-daxx.png]
[daxx.lohatheme.com/wp-includes/js/dist/hooks.min4fdd.js]
[daxx.lohatheme.com/indexbbbb.html]
[daxx.lohatheme.com/wp-includes/js/dist/i18n.minc33c.js]
[daxx.lohatheme.com/indexe887.html]
[daxx.lohatheme.com/wp-content/plugins/contact-form-7/includes/swv/js/indexfc7a.js]
[daxx.lohatheme.com/wp-content/plugins/contact-form-7/includes/js/indexfc7a.js]
[daxx.lohatheme.com/wp-content/themes/daxx/assets/vendor/jquery-3.6.0.min0899.js]
[daxx.lohatheme.com/wp-content/themes/daxx/assets/vendor/bootstrap/js/popper.min0899.js]
[daxx.lohatheme.com/wp-content/themes/daxx/assets/vendor/bootstrap/js/bootstrap.min0899.js]
[daxx.lohatheme.com/wp-content/themes/daxx/assets/vendor/appear.min0899.js]
[daxx.lohatheme.com/wp-content/themes/daxx/assets/vendor/slick/js/slick.min0899.js]
[daxx.lohatheme.com/wp-content/themes/daxx/assets/vendor/magnific-popup/js/jquery.magnific-popup.min0899.js]
[daxx.lohatheme.com/wp-content/themes/daxx/assets/vendor/nice-select/js/jquery.nice-select.min0899.js]
[daxx.lohatheme.com/wp-content/themes/daxx/assets/vendor/imagesloaded.pkgd.min0899.js]
[daxx.lohatheme.com/wp-content/themes/daxx/assets/vendor/circle-progress.min0899.js]
[daxx.lohatheme.com/wp-content/themes/daxx/assets/vendor/isotope.pkgd.min0899.js]
[daxx.lohatheme.com/wp-content/themes/daxx/assets/vendor/wow.min0899.js]
[daxx.lohatheme.com/wp-content/themes/daxx/assets/js/script0899.js]
[daxx.lohatheme.com/wp-content/plugins/elementor/assets/js/webpack.runtime.min89ce.js]
[daxx.lohatheme.com/wp-content/plugins/elementor/assets/js/frontend-modules.min89ce.js]
[daxx.lohatheme.com/wp-includes/js/jquery/ui/core.minb37e.js]
[daxx.lohatheme.com/wp-content/plugins/elementor/assets/js/frontend.min89ce.js]
[daxx.lohatheme.com/index.html]
[daxx.lohatheme.com/wp-content/plugins/contact-form-7/includes/css/stylesfc7a.css]
[daxx.lohatheme.com/wp-content/themes/daxx/assets/fonts/fa-brands-400.woff2]
[daxx.lohatheme.com/wp-content/themes/daxx/assets/fonts/fa-brands-400d41d.eot]
[daxx.lohatheme.com/wp-content/themes/daxx/assets/fonts/fa-brands-400.eot]
[daxx.lohatheme.com/wp-content/themes/daxx/assets/fonts/fa-brands-400.woff]
[daxx.lohatheme.com/wp-content/themes/daxx/assets/fonts/fa-brands-400.ttf]
[daxx.lohatheme.com/wp-content/themes/daxx/assets/fonts/fa-duotone-900.eot]
[daxx.lohatheme.com/wp-content/themes/daxx/assets/fonts/fa-duotone-900.woff2]
[daxx.lohatheme.com/wp-content/themes/daxx/assets/fonts/fa-brands-400.svg]
[daxx.lohatheme.com/wp-content/themes/daxx/assets/fonts/fa-duotone-900.woff]
[daxx.lohatheme.com/wp-content/themes/daxx/assets/fonts/fa-duotone-900.ttf]
[daxx.lohatheme.com/wp-content/themes/daxx/assets/fonts/fa-light-300d41d.eot]
[daxx.lohatheme.com/wp-content/themes/daxx/assets/fonts/fa-duotone-900d41d.eot]
[daxx.lohatheme.com/wp-content/themes/daxx/assets/fonts/fa-light-300.woff2]
[daxx.lohatheme.com/wp-content/themes/daxx/assets/fonts/fa-light-300.woff]
[daxx.lohatheme.com/wp-content/themes/daxx/assets/fonts/fa-duotone-900.svg]
[daxx.lohatheme.com/wp-content/themes/daxx/assets/fonts/fa-light-300.ttf]
[daxx.lohatheme.com/wp-content/themes/daxx/assets/fonts/fa-regular-400d41d.eot]
[daxx.lohatheme.com/wp-content/themes/daxx/assets/fonts/fa-regular-400.eot]
[daxx.lohatheme.com/wp-content/themes/daxx/assets/fonts/fa-light-300.svg]
[daxx.lohatheme.com/wp-content/themes/daxx/assets/fonts/fa-regular-400.woff2]
[daxx.lohatheme.com/wp-content/themes/daxx/assets/fonts/fa-regular-400.woff]
[daxx.lohatheme.com/wp-content/themes/daxx/assets/fonts/fa-regular-400.ttf]
[daxx.lohatheme.com/wp-content/themes/daxx/assets/fonts/fa-solid-900.eot]
[daxx.lohatheme.com/wp-content/themes/daxx/assets/fonts/fa-solid-900.woff2]
[daxx.lohatheme.com/wp-content/themes/daxx/assets/fonts/fa-solid-900d41d.eot]
[daxx.lohatheme.com/wp-content/themes/daxx/assets/fonts/fa-light-300.eot]
[daxx.lohatheme.com/wp-content/themes/daxx/assets/fonts/fa-solid-900.woff]
[daxx.lohatheme.com/wp-content/themes/daxx/assets/fonts/fa-regular-400.svg]
[daxx.lohatheme.com/wp-content/themes/daxx/assets/vendor/fontawesome-5.14.0.min0899.css]
[daxx.lohatheme.com/wp-content/themes/daxx/assets/vendor/bootstrap/css/bootstrap.min0899.css]
[daxx.lohatheme.com/wp-content/themes/daxx/assets/vendor/magnific-popup/css/magnific-popup.min0899.css]
[daxx.lohatheme.com/wp-content/themes/daxx/assets/vendor/nice-select/css/nice-select.min0899.css]
[daxx.lohatheme.com/wp-content/themes/daxx/assets/vendor/animate.min0899.css]
[daxx.lohatheme.com/wp-content/themes/daxx/assets/vendor/slick/css/slick.min0899.css]
[daxx.lohatheme.com/wp-content/themes/daxx/assets/images/background/benefits-bg.png]
[daxx.lohatheme.com/wp-content/themes/daxx/assets/css/style0899.css]
[daxx.lohatheme.com/wp-content/themes/daxx/style7a18.css]
[daxx.lohatheme.com/wp-content/plugins/elementor/assets/lib/eicons/fonts/eiconsfcca.woff2]
[daxx.lohatheme.com/wp-content/plugins/elementor/assets/lib/eicons/fonts/eiconsfcca.eot]
[daxx.lohatheme.com/wp-content/plugins/elementor/assets/lib/eicons/fonts/eiconsfcca.woff]
[daxx.lohatheme.com/wp-content/plugins/elementor/assets/lib/eicons/fonts/eiconsfcca.ttf]
[daxx.lohatheme.com/wp-content/plugins/elementor/assets/lib/eicons/css/elementor-icons.min4e44.css]
[daxx.lohatheme.com/wp-content/plugins/elementor/assets/css/frontend.min89ce.css]
[daxx.lohatheme.com/wp-content/uploads/elementor/css/post-12f497.css]
[daxx.lohatheme.com/wp-content/uploads/elementor/css/post-14f497.css]
[daxx.lohatheme.com/wp-content/themes/daxx/assets/fonts/fa-solid-900.ttf]
[daxx.lohatheme.com/wp-content/plugins/elementor/assets/lib/eicons/fonts/eiconsfcca.svg]
[daxx.lohatheme.com/wp-content/uploads/elementor/google-fonts/fonts/roboto-kfo5cnqeu92fr1mu53zec9_vu3r1gihoszmkc3kawzu.woff2]
[daxx.lohatheme.com/wp-content/uploads/elementor/google-fonts/fonts/roboto-kfo5cnqeu92fr1mu53zec9_vu3r1gihoszmkankawzu.woff2]
[daxx.lohatheme.com/wp-content/uploads/elementor/google-fonts/fonts/roboto-kfo5cnqeu92fr1mu53zec9_vu3r1gihoszmkcnkawzu.woff2]
[daxx.lohatheme.com/wp-content/themes/daxx/assets/fonts/fa-solid-900.svg]
[daxx.lohatheme.com/wp-content/uploads/elementor/google-fonts/fonts/roboto-kfo5cnqeu92fr1mu53zec9_vu3r1gihoszmkbxkawzu.woff2]
[daxx.lohatheme.com/wp-content/uploads/elementor/google-fonts/fonts/roboto-kfo5cnqeu92fr1mu53zec9_vu3r1gihoszmkenkawzu.woff2]
[daxx.lohatheme.com/wp-content/uploads/elementor/google-fonts/fonts/roboto-kfo5cnqeu92fr1mu53zec9_vu3r1gihoszmkahkawzu.woff2]
[daxx.lohatheme.com/wp-content/uploads/elementor/google-fonts/fonts/roboto-kfo5cnqeu92fr1mu53zec9_vu3r1gihoszmkcxkawzu.woff2]
[daxx.lohatheme.com/wp-content/uploads/elementor/google-fonts/fonts/roboto-kfo5cnqeu92fr1mu53zec9_vu3r1gihoszmkchkawzu.woff2]
[daxx.lohatheme.com/wp-content/uploads/elementor/google-fonts/fonts/roboto-kfo5cnqeu92fr1mu53zec9_vu3r1gihoszmkbnka.woff2]
[daxx.lohatheme.com/wp-content/uploads/elementor/google-fonts/fonts/roboto-kfo7cnqeu92fr1me7ksn66agldtyluama3gubgee.woff2]
[daxx.lohatheme.com/wp-content/uploads/elementor/google-fonts/fonts/roboto-kfo7cnqeu92fr1me7ksn66agldtyluama3iubgee.woff2]
[daxx.lohatheme.com/wp-content/uploads/elementor/google-fonts/fonts/roboto-kfo7cnqeu92fr1me7ksn66agldtyluama3cubgee.woff2]
[daxx.lohatheme.com/wp-content/uploads/elementor/google-fonts/fonts/roboto-kfo7cnqeu92fr1me7ksn66agldtyluama3-ubgee.woff2]
[daxx.lohatheme.com/wp-content/uploads/elementor/google-fonts/fonts/roboto-kfo7cnqeu92fr1me7ksn66agldtyluamawcubgee.woff2]
[daxx.lohatheme.com/wp-content/uploads/elementor/google-fonts/fonts/roboto-kfo7cnqeu92fr1me7ksn66agldtyluamaxkubgee.woff2]
[daxx.lohatheme.com/wp-content/uploads/elementor/google-fonts/fonts/roboto-kfo7cnqeu92fr1me7ksn66agldtyluama3oubgee.woff2]
[daxx.lohatheme.com/wp-content/uploads/elementor/google-fonts/fonts/roboto-kfo7cnqeu92fr1me7ksn66agldtyluama3kubgee.woff2]
[daxx.lohatheme.com/wp-content/uploads/elementor/google-fonts/fonts/roboto-kfo7cnqeu92fr1me7ksn66agldtyluama3yuba.woff2]
[daxx.lohatheme.com/wp-content/uploads/elementor/google-fonts/css/roboto407d.css]
[daxx.lohatheme.com/wp-content/uploads/elementor/google-fonts/fonts/robotoslab-bngmuxzytxpivibgjjsb6ufa5qw54a.woff2]
[daxx.lohatheme.com/wp-content/uploads/elementor/google-fonts/fonts/robotoslab-bngmuxzytxpivibgjjsb6ufj5qw54a.woff2]
[daxx.lohatheme.com/wp-content/uploads/elementor/google-fonts/fonts/robotoslab-bngmuxzytxpivibgjjsb6ufb5qw54a.woff2]
[daxx.lohatheme.com/wp-content/uploads/elementor/google-fonts/fonts/robotoslab-bngmuxzytxpivibgjjsb6ufo5qw54a.woff2]
[daxx.lohatheme.com/wp-content/uploads/elementor/google-fonts/fonts/robotoslab-bngmuxzytxpivibgjjsb6ufc5qw54a.woff2]
[daxx.lohatheme.com/wp-content/uploads/elementor/google-fonts/fonts/robotoslab-bngmuxzytxpivibgjjsb6ufd5qw54a.woff2]
[daxx.lohatheme.com/wp-content/uploads/elementor/google-fonts/fonts/robotoslab-bngmuxzytxpivibgjjsb6ufn5qu.woff2]
[daxx.lohatheme.com/wp-content/uploads/elementor/google-fonts/css/robotoslab0ae0.css]
[daxx.lohatheme.com/wp-includes/js/jquery/jquery.minf43b.js]
[daxx.lohatheme.com/wp-includes/js/jquery/jquery-migrate.min5589.js]
[daxx.lohatheme.com/wp-content/plugins/daxx-elementor/assets/js/bdevs-elementor8a54.js]
[daxx.lohatheme.com/index3aae.json]
[daxx.lohatheme.com/index838f.json]
[daxx.lohatheme.com/index9c2d.html]
[daxx.lohatheme.com/indexfa46.php]
[daxx.lohatheme.com/indexc83d.json]
[daxx.lohatheme.com/indexab27.json]
[daxx.lohatheme.com/indexbc95.php]
[daxx.lohatheme.com/wp-content/uploads/2024/02/banner-bg.jpg]
[daxx.lohatheme.com/wp-content/uploads/2024/02/wwd-icon1.png]
[daxx.lohatheme.com/wp-content/uploads/2024/02/wwd-icon2.png]
[daxx.lohatheme.com/wp-content/uploads/2024/02/wwd-icon3.png]
[daxx.lohatheme.com/wp-content/uploads/2024/02/wwd-icon4.png]
[daxx.lohatheme.com/wp-content/uploads/2024/02/member1.jpg]
[daxx.lohatheme.com/wp-content/uploads/2024/02/member2.jpg]
[daxx.lohatheme.com/wp-content/uploads/2024/02/member3.jpg]
[daxx.lohatheme.com/wp-content/uploads/2024/02/member4.jpg]
[daxx.lohatheme.com/wp-content/uploads/2024/02/achievement-left-image.jpg]
[daxx.lohatheme.com/index2c2b.html]
[daxx.lohatheme.com/wp-includes/css/dist/block-library/style.min0899.css]
[daxx.lohatheme.com/indexe5ee.json]
[daxx.lohatheme.com/indexa81a.json]
[daxx.lohatheme.com/index6ef0.php]
[daxx.lohatheme.com/wp-content/uploads/2024/02/project-banner.jpg]
[daxx.lohatheme.com/wp-content/uploads/2024/02/developer4.jpg]
[daxx.lohatheme.com/wp-content/uploads/2024/02/developer5.jpg]
[daxx.lohatheme.com/wp-content/uploads/2024/02/developer6.jpg]
[daxx.lohatheme.com/indexbaf3.html]
[daxx.lohatheme.com/index5083.html]
[daxx.lohatheme.com/index91f8.html]
[daxx.lohatheme.com/index0e64.json]
[daxx.lohatheme.com/index4225.php]
[daxx.lohatheme.com/index97dc.html]
[daxx.lohatheme.com/wp-content/uploads/2024/02/overview1.jpg]
[daxx.lohatheme.com/wp-content/uploads/2024/02/overview2.jpg]
[daxx.lohatheme.com/wp-content/uploads/2024/02/overfiew-icon1.png]
[daxx.lohatheme.com/wp-content/uploads/2024/02/overfiew-icon2.png]
[daxx.lohatheme.com/wp-content/uploads/2024/02/overfiew-icon3.png]
[daxx.lohatheme.com/wp-content/uploads/2024/02/overfiew-icon4.png]
[daxx.lohatheme.com/wp-content/uploads/2024/02/benefits-bg.png]
[daxx.lohatheme.com/wp-content/uploads/2024/02/benefit-icon1.png]
[daxx.lohatheme.com/wp-content/uploads/2024/02/benefit-icon2.png]
[daxx.lohatheme.com/wp-content/uploads/2024/02/benefit-icon3.png]
[daxx.lohatheme.com/wp-content/uploads/2024/02/benefit-icon4.png]
[daxx.lohatheme.com/wp-content/uploads/2024/02/benefit-icon5.png]
[daxx.lohatheme.com/wp-content/uploads/2024/02/benefit-icon6.png]
[daxx.lohatheme.com/wp-content/uploads/2024/02/tour-video.jpg]
[daxx.lohatheme.com/wp-content/uploads/2024/02/blog1-5.jpg]
[daxx.lohatheme.com/wp-content/uploads/2024/02/blog2-5.jpg]
[daxx.lohatheme.com/indexb0b7.html]
[daxx.lohatheme.com/wp-content/uploads/2024/02/blog4-1.jpg]
[daxx.lohatheme.com/indexcd64.html]
[daxx.lohatheme.com/indexb31a.html]
[daxx.lohatheme.com/wp-content/uploads/2024/02/author1.jpg]
[daxx.lohatheme.com/indexc728.html]
[daxx.lohatheme.com/wp-content/uploads/2024/02/author2.jpg]
[daxx.lohatheme.com/index9430.html]
[daxx.lohatheme.com/indexfccd.html]
[daxx.lohatheme.com/wp-includes/js/comment-reply.min0899.js]
[daxx.lohatheme.com/wp-content/plugins/elementor/assets/css/widget-google_maps.min89ce.css]
[daxx.lohatheme.com/index8864.json]
[daxx.lohatheme.com/index19c5.json]
[daxx.lohatheme.com/indexcdf3.php]
[daxx.lohatheme.com/wp-content/uploads/2024/02/schedule-banner.jpg]
[daxx.lohatheme.com/wp-content/uploads/2024/02/schedule-form-bg.jpg]
[daxx.lohatheme.com/indexd8bd.html]
[daxx.lohatheme.com/index0f49.json]
[daxx.lohatheme.com/index5d2f.json]
[daxx.lohatheme.com/index6f85.php]
[daxx.lohatheme.com/wp-content/uploads/2024/02/blog-banner.jpg]
[daxx.lohatheme.com/wp-content/uploads/2024/02/blog-middle-1.png]
[daxx.lohatheme.com/wp-content/uploads/2024/02/hero-bg-1.jpg]
[daxx.lohatheme.com/indexf2af.html]
[daxx.lohatheme.com/index5401.html]
[daxx.lohatheme.com/index6ffe.html]
[daxx.lohatheme.com/indexdef9.json]
[daxx.lohatheme.com/index7383.html]
[daxx.lohatheme.com/index3d38.json]
[daxx.lohatheme.com/indexca2d.php]
[daxx.lohatheme.com/wp-content/uploads/2024/02/blog1-1.jpg]
[daxx.lohatheme.com/wp-content/uploads/2024/02/blog2-6.jpg]
[daxx.lohatheme.com/wp-content/uploads/2024/02/blog3-3.jpg]
[daxx.lohatheme.com/index0494.html]
[daxx.lohatheme.com/index2231.html]
[daxx.lohatheme.com/index6fd2.html]
[daxx.lohatheme.com/index506e.json]
[daxx.lohatheme.com/indexce56.json]
[daxx.lohatheme.com/index0b56.php]
[daxx.lohatheme.com/wp-content/uploads/2024/02/blog-single.jpg]
[daxx.lohatheme.com/wp-content/uploads/2024/02/blog-middle.png]
[daxx.lohatheme.com/wp-content/uploads/2024/02/blog-middle-left.jpg]
[daxx.lohatheme.com/wp-content/uploads/2024/02/blog-middle-right.jpg]
[daxx.lohatheme.com/wp-content/uploads/2024/02/blog-bottom.jpg]
[daxx.lohatheme.com/index0e62.html]
[w.sharethis.com/button/buttons.js]
[daxx.lohatheme.com/index03af.html]
[daxx.lohatheme.com/indexbc6e.html]
[daxx.lohatheme.com/index322a.html]
[daxx.lohatheme.com/index8c72.json]
[daxx.lohatheme.com/indexb26b.json]
[daxx.lohatheme.com/indexa584.html]
[daxx.lohatheme.com/index8a9a.php]
[daxx.lohatheme.com/index9bf7.html]
[daxx.lohatheme.com/index9aa6.json]
[daxx.lohatheme.com/indexa4e1.html]
[daxx.lohatheme.com/indexc3e2.php]
[daxx.lohatheme.com/index86b6.json]
[daxx.lohatheme.com/indexc827.html]
[daxx.lohatheme.com/index2426.php]
[daxx.lohatheme.com/indexbe92.json]
[daxx.lohatheme.com/indexb329.html]
[daxx.lohatheme.com/index768b.php]
[daxx.lohatheme.com/indexc437.json]
[daxx.lohatheme.com/indexfadc.html]
[daxx.lohatheme.com/indexb773.php]
[daxx.lohatheme.com/index2de9.json]
[daxx.lohatheme.com/index14f9.html]
[daxx.lohatheme.com/index59cc.json]
[daxx.lohatheme.com/indexbbbb.html]
[daxx.lohatheme.com/index3073.php]
[daxx.lohatheme.com/index2f6a.html]
[daxx.lohatheme.com/index55d7.json]
[daxx.lohatheme.com/index10d7.html]
[daxx.lohatheme.com/index3b46.json]
[daxx.lohatheme.com/indexe887.html]
[daxx.lohatheme.com/wp-includes/js/dist/hooks.min4fdd.js]
[daxx.lohatheme.com/wp-includes/js/dist/i18n.minc33c.js]
[daxx.lohatheme.com/indexb824.php]
[daxx.lohatheme.com/t]
[daxx.lohatheme.com/wp-content/plugins/contact-form-7/includes/swv/js/indexfc7a.js]
[daxx.lohatheme.com/wp-content/plugins/contact-form-7/includes/js/indexfc7a.js]
[daxx.lohatheme.com/wp-content/themes/daxx/assets/vendor/jquery-3.6.0.min0899.js]
[daxx.lohatheme.com/wp-content/themes/daxx/assets/vendor/bootstrap/js/popper.min0899.js]
[daxx.lohatheme.com/wp-content/themes/daxx/assets/vendor/bootstrap/js/bootstrap.min0899.js]
[daxx.lohatheme.com/wp-content/themes/daxx/assets/vendor/appear.min0899.js]
[daxx.lohatheme.com/wp-content/themes/daxx/assets/vendor/slick/js/slick.min0899.js]
[daxx.lohatheme.com/wp-content/themes/daxx/assets/vendor/magnific-popup/js/jquery.magnific-popup.min0899.js]
[daxx.lohatheme.com/wp-content/themes/daxx/assets/vendor/nice-select/js/jquery.nice-select.min0899.js]
[daxx.lohatheme.com/wp-content/themes/daxx/assets/vendor/imagesloaded.pkgd.min0899.js]
[daxx.lohatheme.com/wp-content/themes/daxx/assets/vendor/circle-progress.min0899.js]
[daxx.lohatheme.com/wp-content/themes/daxx/assets/vendor/isotope.pkgd.min0899.js]
[daxx.lohatheme.com/wp-content/themes/daxx/assets/vendor/wow.min0899.js]
[daxx.lohatheme.com/wp-content/themes/daxx/assets/js/script0899.js]
[daxx.lohatheme.com/wp-content/plugins/elementor/assets/js/webpack.runtime.min89ce.js]
[daxx.lohatheme.com/wp-content/plugins/elementor/assets/js/frontend-modules.min89ce.js]
[daxx.lohatheme.com/wp-includes/js/jquery/ui/core.minb37e.js]
[daxx.lohatheme.com/index46ee.html]
[daxx.lohatheme.com/-negative.svg]
[daxx.lohatheme.com/wp-content/plugins/elementor/assets/js/frontend.min89ce.js]
[daxx.lohatheme.com/wp-content/themes/daxx/assets/fonts/fa-brands-400.svg]
[daxx.lohatheme.com/OPR/index.html]
[daxx.lohatheme.com/wp-content/themes/daxx/assets/fonts/fa-duotone-900.svg]
[daxx.lohatheme.com/wp-content/themes/daxx/assets/fonts/fa-light-300.svg]
[daxx.lohatheme.com/wp-content/themes/daxx/assets/fonts/fa-regular-400.svg]
[daxx.lohatheme.com/wp-content/themes/daxx/assets/fonts/fa-solid-900.svg]
[daxx.lohatheme.com/wp-content/plugins/elementor/assets/lib/eicons/fonts/eiconsfcca.svg]
[daxx.lohatheme.com/wp-content/uploads/elementor/css/post-4460474.css]
[daxx.lohatheme.com/index4fd2.html]
[daxx.lohatheme.com/index8fbb.html]
[daxx.lohatheme.com/wp-includes/css/dist/block-library/style.min0899.css]
[daxx.lohatheme.com/index48fd.html]
[daxx.lohatheme.com/index02eb.json]
[daxx.lohatheme.com/indexaab5.php]
[daxx.lohatheme.com/index97dc.html]
[daxx.lohatheme.com/index9ed2.json]
[daxx.lohatheme.com/index5083.html]
[daxx.lohatheme.com/indexcc87.php]
[daxx.lohatheme.com/wp-content/uploads/2024/02/developer1-1.jpg]
[daxx.lohatheme.com/index91f8.html]
[daxx.lohatheme.com/indexc4ac.html]
[daxx.lohatheme.com/indexf4d1.html]
[daxx.lohatheme.com/index9566.html]
[daxx.lohatheme.com/indexa234.json]
[daxx.lohatheme.com/indexb0b7.html]
[daxx.lohatheme.com/index07d3.html]
[daxx.lohatheme.com/index1727.html]
[daxx.lohatheme.com/indexce84.json]
[daxx.lohatheme.com/indexcd64.html]
[daxx.lohatheme.com/index78a0.html]
[daxx.lohatheme.com/indexc171.html]
[daxx.lohatheme.com/indexfb7a.json]
[daxx.lohatheme.com/indexb31a.html]
[daxx.lohatheme.com/index7e31.html]
[daxx.lohatheme.com/indexa3a8.json]
[daxx.lohatheme.com/indexc728.html]
[daxx.lohatheme.com/index00fd.html]
[daxx.lohatheme.com/index7195.json]
[daxx.lohatheme.com/indexbed4.html]
[daxx.lohatheme.com/indexe264.json]
[daxx.lohatheme.com/index9430.html]
[daxx.lohatheme.com/wp-includes/js/comment-reply.min0899.js]
[daxx.lohatheme.com/wp-content/plugins/elementor/assets/css/widget-google_maps.min89ce.css]
[daxx.lohatheme.com/wp-content/uploads/elementor/css/post-523b525.css]
[daxx.lohatheme.com/index16bc.html]
[daxx.lohatheme.com/index44d0.html]
[daxx.lohatheme.com/indexf838.php]
[daxx.lohatheme.com/indexf3ea.html]
[daxx.lohatheme.com/index7dd1.json]
[daxx.lohatheme.com/indexaa23.html]
[daxx.lohatheme.com/indexe9c8.json]
[daxx.lohatheme.com/index5401.html]
[daxx.lohatheme.com/index789a.php]
[daxx.lohatheme.com/index348b.json]
[daxx.lohatheme.com/index22d5.html]
[daxx.lohatheme.com/index16cb.html]
[daxx.lohatheme.com/indexe94d.json]
[daxx.lohatheme.com/index6ffe.html]
[daxx.lohatheme.com/index7383.html]
[daxx.lohatheme.com/index221f.html]
[daxx.lohatheme.com/index1491.php]
[daxx.lohatheme.com/wp-content/uploads/2024/02/blog1-4.jpg]
[daxx.lohatheme.com/index6fd2.html]
[daxx.lohatheme.com/index0a76.html]
[daxx.lohatheme.com/index1550.html]
[daxx.lohatheme.com/index3ccf.html]
[daxx.lohatheme.com/indexf6f6.json]
[daxx.lohatheme.com/indexbc6e.html]
[daxx.lohatheme.com/index3085.html]
[daxx.lohatheme.com/index3c28.html]
[daxx.lohatheme.com/indexd599.json]
[daxx.lohatheme.com/index03af.html]
[daxx.lohatheme.com/index9bc9.html]
[daxx.lohatheme.com/index0e84.html]
[daxx.lohatheme.com/index8bca.json]
[daxx.lohatheme.com/index322a.html]
[daxx.lohatheme.com/index9bf7.html]
[daxx.lohatheme.com/index9a88.html]
[daxx.lohatheme.com/index5bf6.html]
[daxx.lohatheme.com/index73fa.html]
[daxx.lohatheme.com/index709f.html]
[daxx.lohatheme.com/index1a45.html]
[daxx.lohatheme.com/indexcb11.html]
[daxx.lohatheme.com/index8844.html]
[daxx.lohatheme.com/index6d01.html]
[daxx.lohatheme.com/indexf167.html]
[daxx.lohatheme.com/indexd9bb.html]
[daxx.lohatheme.com/index37e2.html]
[daxx.lohatheme.com/index8a7d.html]
[daxx.lohatheme.com/index10d7.html]
[daxx.lohatheme.com/index46ee.html]
[daxx.lohatheme.com/t.html]
[daxx.lohatheme.com/-negative.html]
[daxx.lohatheme.com/OPR/index.html]
[daxx.lohatheme.com/indexcbf5.html]
[daxx.lohatheme.com/index34e4.html]
[daxx.lohatheme.com/indexd388.html]
[daxx.lohatheme.com/index3e8e.html]
[daxx.lohatheme.com/index91b8.html]
[daxx.lohatheme.com/index44be.html]
[daxx.lohatheme.com/index9566.html]
[daxx.lohatheme.com/index1727.html]
[daxx.lohatheme.com/indexc171.html]
[daxx.lohatheme.com/index94e8.html]
[daxx.lohatheme.com/indexaa23.html]
[daxx.lohatheme.com/index16cb.html]
[daxx.lohatheme.com/index3ccf.html]
[daxx.lohatheme.com/index0a76.html]
[daxx.lohatheme.com/index1550.html]
[daxx.lohatheme.com/index3c28.html]
[daxx.lohatheme.com/index3657.html]
[daxx.lohatheme.com/indexfe2c.html]
[daxx.lohatheme.com/indexbf0d.html]
[daxx.lohatheme.com/index0e84.html]
[daxx.lohatheme.com/index37e2.html]
[daxx.lohatheme.com/index1a45.html]
[daxx.lohatheme.com/indexcb11.html]
[daxx.lohatheme.com/index34e4.html]
[daxx.lohatheme.com/indexd388.html]
[daxx.lohatheme.com/index94e8.html]
[daxx.lohatheme.com/indexbf0d.html]
[daxx.lohatheme.com/indexfe2c.html]
[daxx.lohatheme.com/indexef03.html]
[daxx.lohatheme.com/indexef03.html]
[daxx.lohatheme.com/indexe72f.html]
[daxx.lohatheme.com/index01f8.html]
[daxx.lohatheme.com/indexe72f.html]
[daxx.lohatheme.com/index01f8.html]
